Release 14.7 - xst P.20131013 (nt64)
Copyright (c) 1995-2013 Xilinx, Inc.  All rights reserved.
--> Parameter TMPDIR set to xst/projnav.tmp


Total REAL time to Xst completion: 0.00 secs
Total CPU time to Xst completion: 0.10 secs
 
--> Parameter xsthdpdir set to xst


Total REAL time to Xst completion: 0.00 secs
Total CPU time to Xst completion: 0.10 secs
 
--> Reading design: DataPath.prj

TABLE OF CONTENTS
  1) Synthesis Options Summary
  2) HDL Parsing
  3) HDL Elaboration
  4) HDL Synthesis
       4.1) HDL Synthesis Report
  5) Advanced HDL Synthesis
       5.1) Advanced HDL Synthesis Report
  6) Low Level Synthesis
  7) Partition Report
  8) Design Summary
       8.1) Primitive and Black Box Usage
       8.2) Device utilization summary
       8.3) Partition Resource Summary
       8.4) Timing Report
            8.4.1) Clock Information
            8.4.2) Asynchronous Control Signals Information
            8.4.3) Timing Summary
            8.4.4) Timing Details
            8.4.5) Cross Clock Domains Report


=========================================================================
*                      Synthesis Options Summary                        *
=========================================================================
---- Source Parameters
Input File Name                    : "DataPath.prj"
Ignore Synthesis Constraint File   : NO

---- Target Parameters
Output File Name                   : "DataPath"
Output Format                      : NGC
Target Device                      : xc6slx9-2-tqg144

---- Source Options
Top Module Name                    : DataPath
Automatic FSM Extraction           : YES
FSM Encoding Algorithm             : Auto
Safe Implementation                : No
FSM Style                          : LUT
RAM Extraction                     : Yes
RAM Style                          : Auto
ROM Extraction                     : Yes
Shift Register Extraction          : YES
ROM Style                          : Auto
Resource Sharing                   : YES
Asynchronous To Synchronous        : NO
Shift Register Minimum Size        : 2
Use DSP Block                      : Auto
Automatic Register Balancing       : No

---- Target Options
LUT Combining                      : Auto
Reduce Control Sets                : Auto
Add IO Buffers                     : YES
Global Maximum Fanout              : 100000
Add Generic Clock Buffer(BUFG)     : 16
Register Duplication               : YES
Optimize Instantiated Primitives   : NO
Use Clock Enable                   : Auto
Use Synchronous Set                : Auto
Use Synchronous Reset              : Auto
Pack IO Registers into IOBs        : Auto
Equivalent register Removal        : YES

---- General Options
Optimization Goal                  : Speed
Optimization Effort                : 1
Power Reduction                    : NO
Keep Hierarchy                     : No
Netlist Hierarchy                  : As_Optimized
RTL Output                         : Yes
Global Optimization                : AllClockNets
Read Cores                         : YES
Write Timing Constraints           : NO
Cross Clock Analysis               : NO
Hierarchy Separator                : /
Bus Delimiter                      : <>
Case Specifier                     : Maintain
Slice Utilization Ratio            : 100
BRAM Utilization Ratio             : 100
DSP48 Utilization Ratio            : 100
Auto BRAM Packing                  : NO
Slice Utilization Ratio Delta      : 5

=========================================================================


=========================================================================
*                          HDL Parsing                                  *
=========================================================================
Parsing VHDL file "C:\Users\User\Documents\ISE_Project\Examples_2\Register_16Bit.vhd" into library work
Parsing entity <Reg>.
Parsing architecture <Behavioral> of entity <reg>.
Parsing VHDL file "C:\Users\User\Documents\ISE_Project\Examples_2\MUX_8Bit_2_to_1.vhd" into library work
Parsing entity <MUX_8Bit_2_to_1>.
Parsing architecture <Behavioral> of entity <mux_8bit_2_to_1>.
Parsing VHDL file "C:\Users\User\Documents\ISE_Project\Examples_2\Detect_1.vhd" into library work
Parsing entity <Detect_1>.
Parsing architecture <Behavioral> of entity <detect_1>.
Parsing VHDL file "C:\Users\User\Documents\ISE_Project\Examples_2\DataPath.vhd" into library work
Parsing entity <DataPath>.
Parsing architecture <Behavioral> of entity <datapath>.

=========================================================================
*                            HDL Elaboration                            *
=========================================================================

Elaborating entity <DataPath> (architecture <Behavioral>) from library <work>.

Elaborating entity <Reg> (architecture <Behavioral>) with generics from library <work>.

Elaborating entity <Reg> (architecture <Behavioral>) with generics from library <work>.

Elaborating entity <Detect_1> (architecture <Behavioral>) from library <work>.

Elaborating entity <MUX_8Bit_2_to_1> (architecture <Behavioral>) from library <work>.

=========================================================================
*                           HDL Synthesis                               *
=========================================================================

Synthesizing Unit <DataPath>.
    Related source file is "C:\Users\User\Documents\ISE_Project\Examples_2\DataPath.vhd".
WARNING:Xst:647 - Input <rslt> is never used. This port will be preserved and left unconnected if it belongs to a top-level block or it belongs to a sub-block and the hierarchy of this sub-block is preserved.
INFO:Xst:3210 - "C:\Users\User\Documents\ISE_Project\Examples_2\DataPath.vhd" line 107: Output port <Done> of the instance <Detect_B_1> is unconnected or connected to loadless signal.
    Found 8x8-bit multiplier for signal <MUL_op> created at line 48.
    Summary:
	inferred   1 Multiplier(s).
Unit <DataPath> synthesized.

Synthesizing Unit <Reg_1>.
    Related source file is "C:\Users\User\Documents\ISE_Project\Examples_2\Register_16Bit.vhd".
        busWidth = 16
    Found 16-bit register for signal <outBus_Int>.
    Found 16-bit register for signal <inBus_Int>.
    Summary:
	inferred  32 D-type flip-flop(s).
Unit <Reg_1> synthesized.

Synthesizing Unit <Reg_2>.
    Related source file is "C:\Users\User\Documents\ISE_Project\Examples_2\Register_16Bit.vhd".
        busWidth = 32
    Found 32-bit register for signal <outBus_Int>.
    Found 32-bit register for signal <inBus_Int>.
    Summary:
	inferred  64 D-type flip-flop(s).
Unit <Reg_2> synthesized.

Synthesizing Unit <Detect_1>.
    Related source file is "C:\Users\User\Documents\ISE_Project\Examples_2\Detect_1.vhd".
    Found 1-bit register for signal <found>.
    Found 1-bit register for signal <Done_Int>.
    Found 1-bit register for signal <sellower_Int>.
    Found 1-bit register for signal <selupper_Int>.
    Found 4-bit register for signal <Count>.
    Found 4-bit adder for signal <Count[3]_GND_8_o_add_1_OUT> created at line 1241.
    Found 4-bit subtractor for signal <GND_8_o_GND_8_o_sub_5_OUT<3:0>> created at line 56.
    Found 1-bit 16-to-1 multiplexer for signal <GND_8_o_input[15]_Mux_5_o> created at line 56.
    Summary:
	inferred   2 Adder/Subtractor(s).
	inferred   8 D-type flip-flop(s).
	inferred   1 Multiplexer(s).
Unit <Detect_1> synthesized.

Synthesizing Unit <MUX_8Bit_2_to_1>.
    Related source file is "C:\Users\User\Documents\ISE_Project\Examples_2\MUX_8Bit_2_to_1.vhd".
    Found 8-bit 4-to-1 multiplexer for signal <OUTPUT> created at line 26.
    Summary:
	inferred   1 Multiplexer(s).
Unit <MUX_8Bit_2_to_1> synthesized.

=========================================================================
HDL Synthesis Report

Macro Statistics
# Multipliers                                          : 1
 8x8-bit multiplier                                    : 1
# Adders/Subtractors                                   : 4
 4-bit adder                                           : 2
 4-bit subtractor                                      : 2
# Registers                                            : 16
 1-bit register                                        : 8
 16-bit register                                       : 4
 32-bit register                                       : 2
 4-bit register                                        : 2
# Multiplexers                                         : 4
 1-bit 16-to-1 multiplexer                             : 2
 8-bit 4-to-1 multiplexer                              : 2

=========================================================================

=========================================================================
*                       Advanced HDL Synthesis                          *
=========================================================================

WARNING:Xst:1293 - FF/Latch <inBus_Int_31> has a constant value of 0 in block <Regiter_rslt>. This FF/Latch will be trimmed during the optimization process.
WARNING:Xst:1293 - FF/Latch <inBus_Int_30> has a constant value of 0 in block <Regiter_rslt>. This FF/Latch will be trimmed during the optimization process.
WARNING:Xst:1293 - FF/Latch <inBus_Int_29> has a constant value of 0 in block <Regiter_rslt>. This FF/Latch will be trimmed during the optimization process.
WARNING:Xst:1293 - FF/Latch <inBus_Int_28> has a constant value of 0 in block <Regiter_rslt>. This FF/Latch will be trimmed during the optimization process.
WARNING:Xst:1293 - FF/Latch <inBus_Int_27> has a constant value of 0 in block <Regiter_rslt>. This FF/Latch will be trimmed during the optimization process.
WARNING:Xst:1293 - FF/Latch <inBus_Int_26> has a constant value of 0 in block <Regiter_rslt>. This FF/Latch will be trimmed during the optimization process.
WARNING:Xst:1293 - FF/Latch <inBus_Int_25> has a constant value of 0 in block <Regiter_rslt>. This FF/Latch will be trimmed during the optimization process.
WARNING:Xst:1293 - FF/Latch <inBus_Int_24> has a constant value of 0 in block <Regiter_rslt>. This FF/Latch will be trimmed during the optimization process.
WARNING:Xst:1293 - FF/Latch <inBus_Int_23> has a constant value of 0 in block <Regiter_rslt>. This FF/Latch will be trimmed during the optimization process.
WARNING:Xst:1293 - FF/Latch <inBus_Int_22> has a constant value of 0 in block <Regiter_rslt>. This FF/Latch will be trimmed during the optimization process.
WARNING:Xst:1293 - FF/Latch <inBus_Int_21> has a constant value of 0 in block <Regiter_rslt>. This FF/Latch will be trimmed during the optimization process.
WARNING:Xst:1293 - FF/Latch <inBus_Int_20> has a constant value of 0 in block <Regiter_rslt>. This FF/Latch will be trimmed during the optimization process.
WARNING:Xst:1293 - FF/Latch <inBus_Int_19> has a constant value of 0 in block <Regiter_rslt>. This FF/Latch will be trimmed during the optimization process.
WARNING:Xst:1293 - FF/Latch <inBus_Int_18> has a constant value of 0 in block <Regiter_rslt>. This FF/Latch will be trimmed during the optimization process.
WARNING:Xst:1293 - FF/Latch <inBus_Int_17> has a constant value of 0 in block <Regiter_rslt>. This FF/Latch will be trimmed during the optimization process.
WARNING:Xst:1293 - FF/Latch <inBus_Int_16> has a constant value of 0 in block <Regiter_rslt>. This FF/Latch will be trimmed during the optimization process.
WARNING:Xst:1896 - Due to other FF/Latch trimming, FF/Latch <outBus_Int_31> has a constant value of 0 in block <Regiter_rslt>. This FF/Latch will be trimmed during the optimization process.
WARNING:Xst:1896 - Due to other FF/Latch trimming, FF/Latch <outBus_Int_30> has a constant value of 0 in block <Regiter_rslt>. This FF/Latch will be trimmed during the optimization process.
WARNING:Xst:1896 - Due to other FF/Latch trimming, FF/Latch <outBus_Int_29> has a constant value of 0 in block <Regiter_rslt>. This FF/Latch will be trimmed during the optimization process.
WARNING:Xst:1896 - Due to other FF/Latch trimming, FF/Latch <outBus_Int_28> has a constant value of 0 in block <Regiter_rslt>. This FF/Latch will be trimmed during the optimization process.
WARNING:Xst:1896 - Due to other FF/Latch trimming, FF/Latch <outBus_Int_27> has a constant value of 0 in block <Regiter_rslt>. This FF/Latch will be trimmed during the optimization process.
WARNING:Xst:1896 - Due to other FF/Latch trimming, FF/Latch <outBus_Int_26> has a constant value of 0 in block <Regiter_rslt>. This FF/Latch will be trimmed during the optimization process.
WARNING:Xst:1896 - Due to other FF/Latch trimming, FF/Latch <outBus_Int_25> has a constant value of 0 in block <Regiter_rslt>. This FF/Latch will be trimmed during the optimization process.
WARNING:Xst:1896 - Due to other FF/Latch trimming, FF/Latch <outBus_Int_24> has a constant value of 0 in block <Regiter_rslt>. This FF/Latch will be trimmed during the optimization process.
WARNING:Xst:1896 - Due to other FF/Latch trimming, FF/Latch <outBus_Int_23> has a constant value of 0 in block <Regiter_rslt>. This FF/Latch will be trimmed during the optimization process.
WARNING:Xst:1896 - Due to other FF/Latch trimming, FF/Latch <outBus_Int_22> has a constant value of 0 in block <Regiter_rslt>. This FF/Latch will be trimmed during the optimization process.
WARNING:Xst:1896 - Due to other FF/Latch trimming, FF/Latch <outBus_Int_21> has a constant value of 0 in block <Regiter_rslt>. This FF/Latch will be trimmed during the optimization process.
WARNING:Xst:1896 - Due to other FF/Latch trimming, FF/Latch <outBus_Int_20> has a constant value of 0 in block <Regiter_rslt>. This FF/Latch will be trimmed during the optimization process.
WARNING:Xst:1896 - Due to other FF/Latch trimming, FF/Latch <outBus_Int_19> has a constant value of 0 in block <Regiter_rslt>. This FF/Latch will be trimmed during the optimization process.
WARNING:Xst:1896 - Due to other FF/Latch trimming, FF/Latch <outBus_Int_18> has a constant value of 0 in block <Regiter_rslt>. This FF/Latch will be trimmed during the optimization process.
WARNING:Xst:1896 - Due to other FF/Latch trimming, FF/Latch <outBus_Int_17> has a constant value of 0 in block <Regiter_rslt>. This FF/Latch will be trimmed during the optimization process.
WARNING:Xst:1896 - Due to other FF/Latch trimming, FF/Latch <outBus_Int_16> has a constant value of 0 in block <Regiter_rslt>. This FF/Latch will be trimmed during the optimization process.

Synthesizing (advanced) Unit <DataPath>.
	Found pipelined multiplier on signal <MUL_op>:
		- 2 pipeline level(s) found in a register connected to the multiplier macro output.
		Pushing register(s) into the multiplier macro.
Unit <DataPath> synthesized (advanced).

Synthesizing (advanced) Unit <Detect_1>.
The following registers are absorbed into counter <Count>: 1 register on signal <Count>.
Unit <Detect_1> synthesized (advanced).

=========================================================================
Advanced HDL Synthesis Report

Macro Statistics
# Multipliers                                          : 1
 8x8-bit registered multiplier                         : 1
# Adders/Subtractors                                   : 2
 4-bit subtractor                                      : 2
# Counters                                             : 2
 4-bit up counter                                      : 2
# Registers                                            : 104
 Flip-Flops                                            : 104
# Multiplexers                                         : 4
 1-bit 16-to-1 multiplexer                             : 2
 8-bit 4-to-1 multiplexer                              : 2

=========================================================================

=========================================================================
*                         Low Level Synthesis                           *
=========================================================================
WARNING:Xst:1293 - FF/Latch <Regiter_rslt/inBus_Int_sliced_0> has a constant value of 0 in block <DataPath>. This FF/Latch will be trimmed during the optimization process.
WARNING:Xst:1896 - Due to other FF/Latch trimming, FF/Latch <Regiter_rslt/inBus_Int_sliced_1> has a constant value of 0 in block <DataPath>. This FF/Latch will be trimmed during the optimization process.
WARNING:Xst:1896 - Due to other FF/Latch trimming, FF/Latch <Regiter_rslt/inBus_Int_sliced_2> has a constant value of 0 in block <DataPath>. This FF/Latch will be trimmed during the optimization process.
WARNING:Xst:1896 - Due to other FF/Latch trimming, FF/Latch <Regiter_rslt/inBus_Int_sliced_3> has a constant value of 0 in block <DataPath>. This FF/Latch will be trimmed during the optimization process.
WARNING:Xst:1896 - Due to other FF/Latch trimming, FF/Latch <Regiter_rslt/inBus_Int_sliced_4> has a constant value of 0 in block <DataPath>. This FF/Latch will be trimmed during the optimization process.
WARNING:Xst:1896 - Due to other FF/Latch trimming, FF/Latch <Regiter_rslt/inBus_Int_sliced_5> has a constant value of 0 in block <DataPath>. This FF/Latch will be trimmed during the optimization process.
WARNING:Xst:1896 - Due to other FF/Latch trimming, FF/Latch <Regiter_rslt/inBus_Int_sliced_6> has a constant value of 0 in block <DataPath>. This FF/Latch will be trimmed during the optimization process.
WARNING:Xst:1896 - Due to other FF/Latch trimming, FF/Latch <Regiter_rslt/inBus_Int_sliced_7> has a constant value of 0 in block <DataPath>. This FF/Latch will be trimmed during the optimization process.
WARNING:Xst:1896 - Due to other FF/Latch trimming, FF/Latch <Regiter_rslt/inBus_Int_sliced_8> has a constant value of 0 in block <DataPath>. This FF/Latch will be trimmed during the optimization process.
WARNING:Xst:1896 - Due to other FF/Latch trimming, FF/Latch <Regiter_rslt/inBus_Int_sliced_9> has a constant value of 0 in block <DataPath>. This FF/Latch will be trimmed during the optimization process.
WARNING:Xst:1896 - Due to other FF/Latch trimming, FF/Latch <Regiter_rslt/inBus_Int_sliced_10> has a constant value of 0 in block <DataPath>. This FF/Latch will be trimmed during the optimization process.
WARNING:Xst:1896 - Due to other FF/Latch trimming, FF/Latch <Regiter_rslt/inBus_Int_sliced_11> has a constant value of 0 in block <DataPath>. This FF/Latch will be trimmed during the optimization process.
WARNING:Xst:1896 - Due to other FF/Latch trimming, FF/Latch <Regiter_rslt/inBus_Int_sliced_12> has a constant value of 0 in block <DataPath>. This FF/Latch will be trimmed during the optimization process.
WARNING:Xst:1896 - Due to other FF/Latch trimming, FF/Latch <Regiter_rslt/inBus_Int_sliced_13> has a constant value of 0 in block <DataPath>. This FF/Latch will be trimmed during the optimization process.
WARNING:Xst:1896 - Due to other FF/Latch trimming, FF/Latch <Regiter_rslt/inBus_Int_sliced_14> has a constant value of 0 in block <DataPath>. This FF/Latch will be trimmed during the optimization process.
WARNING:Xst:1896 - Due to other FF/Latch trimming, FF/Latch <Regiter_rslt/inBus_Int_sliced_15> has a constant value of 0 in block <DataPath>. This FF/Latch will be trimmed during the optimization process.
WARNING:Xst:1895 - Due to other FF/Latch trimming, FF/Latch <Regiter_rslt/outBus_Int_sliced_0> (without init value) has a constant value of 0 in block <DataPath>. This FF/Latch will be trimmed during the optimization process.
WARNING:Xst:1895 - Due to other FF/Latch trimming, FF/Latch <Regiter_rslt/outBus_Int_sliced_1> (without init value) has a constant value of 0 in block <DataPath>. This FF/Latch will be trimmed during the optimization process.
WARNING:Xst:1895 - Due to other FF/Latch trimming, FF/Latch <Regiter_rslt/outBus_Int_sliced_2> (without init value) has a constant value of 0 in block <DataPath>. This FF/Latch will be trimmed during the optimization process.
WARNING:Xst:1895 - Due to other FF/Latch trimming, FF/Latch <Regiter_rslt/outBus_Int_sliced_3> (without init value) has a constant value of 0 in block <DataPath>. This FF/Latch will be trimmed during the optimization process.
WARNING:Xst:1895 - Due to other FF/Latch trimming, FF/Latch <Regiter_rslt/outBus_Int_sliced_4> (without init value) has a constant value of 0 in block <DataPath>. This FF/Latch will be trimmed during the optimization process.
WARNING:Xst:1895 - Due to other FF/Latch trimming, FF/Latch <Regiter_rslt/outBus_Int_sliced_5> (without init value) has a constant value of 0 in block <DataPath>. This FF/Latch will be trimmed during the optimization process.
WARNING:Xst:1895 - Due to other FF/Latch trimming, FF/Latch <Regiter_rslt/outBus_Int_sliced_6> (without init value) has a constant value of 0 in block <DataPath>. This FF/Latch will be trimmed during the optimization process.
WARNING:Xst:1895 - Due to other FF/Latch trimming, FF/Latch <Regiter_rslt/outBus_Int_sliced_7> (without init value) has a constant value of 0 in block <DataPath>. This FF/Latch will be trimmed during the optimization process.
WARNING:Xst:1895 - Due to other FF/Latch trimming, FF/Latch <Regiter_rslt/outBus_Int_sliced_8> (without init value) has a constant value of 0 in block <DataPath>. This FF/Latch will be trimmed during the optimization process.
WARNING:Xst:1895 - Due to other FF/Latch trimming, FF/Latch <Regiter_rslt/outBus_Int_sliced_9> (without init value) has a constant value of 0 in block <DataPath>. This FF/Latch will be trimmed during the optimization process.
WARNING:Xst:1895 - Due to other FF/Latch trimming, FF/Latch <Regiter_rslt/outBus_Int_sliced_10> (without init value) has a constant value of 0 in block <DataPath>. This FF/Latch will be trimmed during the optimization process.
WARNING:Xst:1895 - Due to other FF/Latch trimming, FF/Latch <Regiter_rslt/outBus_Int_sliced_11> (without init value) has a constant value of 0 in block <DataPath>. This FF/Latch will be trimmed during the optimization process.
WARNING:Xst:1895 - Due to other FF/Latch trimming, FF/Latch <Regiter_rslt/outBus_Int_sliced_12> (without init value) has a constant value of 0 in block <DataPath>. This FF/Latch will be trimmed during the optimization process.
WARNING:Xst:1895 - Due to other FF/Latch trimming, FF/Latch <Regiter_rslt/outBus_Int_sliced_13> (without init value) has a constant value of 0 in block <DataPath>. This FF/Latch will be trimmed during the optimization process.
WARNING:Xst:1895 - Due to other FF/Latch trimming, FF/Latch <Regiter_rslt/outBus_Int_sliced_14> (without init value) has a constant value of 0 in block <DataPath>. This FF/Latch will be trimmed during the optimization process.
WARNING:Xst:1895 - Due to other FF/Latch trimming, FF/Latch <Regiter_rslt/outBus_Int_sliced_15> (without init value) has a constant value of 0 in block <DataPath>. This FF/Latch will be trimmed during the optimization process.

Optimizing unit <Reg_1> ...

Optimizing unit <DataPath> ...

Optimizing unit <Detect_1> ...
INFO:Xst:2261 - The FF/Latch <Detect_B_1/Done_Int> in Unit <DataPath> is equivalent to the following FF/Latch, which will be removed : <Detect_A_1/Done_Int> 
INFO:Xst:2261 - The FF/Latch <Detect_B_1/Count_0> in Unit <DataPath> is equivalent to the following FF/Latch, which will be removed : <Detect_A_1/Count_0> 
INFO:Xst:2261 - The FF/Latch <Detect_B_1/Count_1> in Unit <DataPath> is equivalent to the following FF/Latch, which will be removed : <Detect_A_1/Count_1> 
INFO:Xst:2261 - The FF/Latch <Detect_B_1/Count_2> in Unit <DataPath> is equivalent to the following FF/Latch, which will be removed : <Detect_A_1/Count_2> 
INFO:Xst:2261 - The FF/Latch <Detect_B_1/Count_3> in Unit <DataPath> is equivalent to the following FF/Latch, which will be removed : <Detect_A_1/Count_3> 

Mapping all equations...
Building and optimizing final netlist ...
Found area constraint ratio of 100 (+ 5) on block DataPath, actual ratio is 1.

Final Macro Processing ...

=========================================================================
Final Register Report

Macro Statistics
# Registers                                            : 75
 Flip-Flops                                            : 75

=========================================================================

=========================================================================
*                           Partition Report                            *
=========================================================================

Partition Implementation Status
-------------------------------

  No Partitions were found in this design.

-------------------------------

=========================================================================
*                            Design Summary                             *
=========================================================================

Top Level Output File Name         : DataPath.ngc

Primitive and Black Box Usage:
------------------------------
# BELS                             : 45
#      GND                         : 1
#      INV                         : 5
#      LUT2                        : 1
#      LUT3                        : 3
#      LUT4                        : 17
#      LUT5                        : 1
#      LUT6                        : 10
#      MUXF7                       : 4
#      MUXF8                       : 2
#      VCC                         : 1
# FlipFlops/Latches                : 75
#      FD                          : 35
#      FDRE                        : 40
# Clock Buffers                    : 1
#      BUFGP                       : 1
# IO Buffers                       : 70
#      IBUF                        : 37
#      OBUF                        : 33
# DSPs                             : 1
#      DSP48A1                     : 1

Device utilization summary:
---------------------------

Selected Device : 6slx9tqg144-2 


Slice Logic Utilization: 
 Number of Slice Registers:              75  out of  11440     0%  
 Number of Slice LUTs:                   37  out of   5720     0%  
    Number used as Logic:                37  out of   5720     0%  

Slice Logic Distribution: 
 Number of LUT Flip Flop pairs used:     81
   Number with an unused Flip Flop:       6  out of     81     7%  
   Number with an unused LUT:            44  out of     81    54%  
   Number of fully used LUT-FF pairs:    31  out of     81    38%  
   Number of unique control sets:         5

IO Utilization: 
 Number of IOs:                          72
 Number of bonded IOBs:                  71  out of    102    69%  

Specific Feature Utilization:
 Number of BUFG/BUFGCTRLs:                1  out of     16     6%  
 Number of DSP48A1s:                      1  out of     16     6%  

---------------------------
Partition Resource Summary:
---------------------------

  No Partitions were found in this design.

---------------------------


=========================================================================
Timing Report

NOTE: THESE TIMING NUMBERS ARE ONLY A SYNTHESIS ESTIMATE.
      FOR ACCURATE TIMING INFORMATION PLEASE REFER TO THE TRACE REPORT
      GENERATED AFTER PLACE-and-ROUTE.

Clock Information:
------------------
-----------------------------------+------------------------+-------+
Clock Signal                       | Clock buffer(FF name)  | Load  |
-----------------------------------+------------------------+-------+
Clock                              | BUFGP                  | 76    |
-----------------------------------+------------------------+-------+

Asynchronous Control Signals Information:
----------------------------------------
No asynchronous control signals found in this design

Timing Summary:
---------------
Speed Grade: -2

   Minimum period: 7.085ns (Maximum Frequency: 141.143MHz)
   Minimum input arrival time before clock: 4.970ns
   Maximum output required time after clock: 4.925ns
   Maximum combinational path delay: No path found

Timing Details:
---------------
All values displayed in nanoseconds (ns)

=========================================================================
Timing constraint: Default period analysis for Clock 'Clock'
  Clock period: 7.085ns (frequency: 141.143MHz)
  Total number of paths / destination ports: 211 / 67
-------------------------------------------------------------------------
Delay:               7.085ns (Levels of Logic = 1)
  Source:            Detect_A_1/sellower_Int (FF)
  Destination:       Mmult_MUL_op (DSP)
  Source Clock:      Clock rising
  Destination Clock: Clock rising

  Data Path: Detect_A_1/sellower_Int to Mmult_MUL_op
                                Gate     Net
    Cell:in->out      fanout   Delay   Delay  Logical Name (Net Name)
    ----------------------------------------  ------------
     FDRE:C->Q             8   0.525   1.052  Detect_A_1/sellower_Int (Detect_A_1/sellower_Int)
     LUT4:I2->O            1   0.250   0.681  MUX_1/Mmux_OUTPUT81 (MUX_OUT_1<7>)
     DSP48A1:B7                4.577          Mmult_MUL_op
    ----------------------------------------
    Total                      7.085ns (5.352ns logic, 1.733ns route)
                                       (75.5% logic, 24.5% route)

=========================================================================
Timing constraint: Default OFFSET IN BEFORE for Clock 'Clock'
  Total number of paths / destination ports: 113 / 113
-------------------------------------------------------------------------
Offset:              4.970ns (Levels of Logic = 2)
  Source:            Reset (PAD)
  Destination:       Detect_B_1/sellower_Int (FF)
  Destination Clock: Clock rising

  Data Path: Reset to Detect_B_1/sellower_Int
                                Gate     Net
    Cell:in->out      fanout   Delay   Delay  Logical Name (Net Name)
    ----------------------------------------  ------------
     IBUF:I->O            41   1.328   2.126  Reset_IBUF (Reset_IBUF)
     LUT6:I0->O            4   0.254   0.803  Detect_B_1/_n00401 (Detect_B_1/_n0040)
     FDRE:R                    0.459          Detect_B_1/selupper_Int
    ----------------------------------------
    Total                      4.970ns (2.041ns logic, 2.929ns route)
                                       (41.1% logic, 58.9% route)

=========================================================================
Timing constraint: Default OFFSET OUT AFTER for Clock 'Clock'
  Total number of paths / destination ports: 17 / 17
-------------------------------------------------------------------------
Offset:              4.925ns (Levels of Logic = 1)
  Source:            Mmult_MUL_op (DSP)
  Destination:       oBus<15> (PAD)
  Source Clock:      Clock rising

  Data Path: Mmult_MUL_op to oBus<15>
                                Gate     Net
    Cell:in->out      fanout   Delay   Delay  Logical Name (Net Name)
    ----------------------------------------  ------------
     DSP48A1:CLK->P15      1   1.332   0.681  Mmult_MUL_op (oBus_15_OBUF)
     OBUF:I->O                 2.912          oBus_15_OBUF (oBus<15>)
    ----------------------------------------
    Total                      4.925ns (4.244ns logic, 0.681ns route)
                                       (86.2% logic, 13.8% route)

=========================================================================

Cross Clock Domains Report:
--------------------------

Clock to Setup on destination clock Clock
---------------+---------+---------+---------+---------+
               | Src:Rise| Src:Fall| Src:Rise| Src:Fall|
Source Clock   |Dest:Rise|Dest:Rise|Dest:Fall|Dest:Fall|
---------------+---------+---------+---------+---------+
Clock          |    7.085|         |         |         |
---------------+---------+---------+---------+---------+

=========================================================================


Total REAL time to Xst completion: 6.00 secs
Total CPU time to Xst completion: 5.50 secs
 
--> 

Total memory usage is 4486352 kilobytes

Number of errors   :    0 (   0 filtered)
Number of warnings :   65 (   0 filtered)
Number of infos    :    6 (   0 filtered)

